export { MyTestComponent } from './my_test_component';
