export { MyTestComponent } from './my-test-component';
