import { FC } from 'react';

interface Props {}

export const MyTestComponent: FC<Props> = () => {
  return (
    <div>
      MyTestComponent
    </div>
  );
};
